I'm sorry, but errors were detected in your script. Please correct the
errors listed below, and try again.


File "game/CardGames/Witch/scripts_witch.rpy", line 42: expected statement.
    compute_hand_layout()
                         ^

Ren'Py Version: Ren'Py 7.4.11.2266
Wed Sep 17 20:29:26 2025
